
cr[PC]:0x3c; ir[t0,x5]:0xaad4; ir[t1,x6]:0x11d7; ir[t2,x7]:0xffffdaf2; ir[fp,s0,x8]:0x2; ir[s1,x9]:0x1; ir[a0,x10]:0x554; ir[a1,x11]:0x2ab50; ir[a2,x12]:0x23ae; ir[a3,x13]:0xaf200000; keyboard[0x0]:''; display[0x0]:''; 

