
cr[PC]:0x30; ir[t0,x5]:0xaad4; ir[t1,x6]:0x11d7; ir[t2,x7]:0xffffdaf2; ir[fp,s0,x8]:0x2ab5; ir[s1,x9]:0x8eb; ir[a0,x10]:0xffffffff; keyboard[0x0]:''; display[0x0]:''; 

