
cr[PC]:0x3c; ir[t0,x5]:0x22346; ir[t1,x6]:0x11d7; ir[t2,x7]:0xffffdaf2; ir[fp,s0,x8]:0x455; ir[s1,x9]:0x222; ir[a0,x10]:0xfff; ir[a1,x11]:0x22757; ir[a2,x12]:0x13f7; ir[a3,x13]:0xffffdfff; keyboard[0x0]:''; display[0x0]:''; 

