
cr[PC]:0x38; ir[x1,ra]:0x24; ir[x5,t0]:0x223; ir[x6,t1]:0xfffffc57; ir[x7,t2]:0xc; ir[x8,fp,s0]:0x123515; ir[x17,a7]:0xa; keyboard[0x0]:''; display[0x0]:''; 

