
cr[PC]:0x28; ir[t0,x5]:0x10; ir[t1,x6]:0x100; ir[t2,x7]:0xffffe000; ir[fp,s0,x8]:0x18; ir[s1,x9]:0xfffffe00; ir[a0,x10]:0x10; ir[a1,x11]:0xfffffeab; keyboard[0x0]:''; display[0x0]:''; 

