
cr[PC]:0x40; ir[t0,x5]:0x200000; ir[t1,x6]:0x200008; ir[fp,s0,x8]:0x200010; ir[s1,x9]:0x200014; ir[a0,x10]:0x1; ir[a7,x17]:0xa; fpr[ft0,f0]:0x4070000000000000; fpr[ft2,f2]:0x40AB320000000000; fpr[fa2,f12]:0x0000000046192400; fpr[fa4,f14]:0x0000000046192400; keyboard[0x0]:''; display[0x0]:''; 

