
cr[PC]:0x2c; ir[t0,x5]:0x754; ir[t1,x6]:0x2; ir[t2,x7]:0x5; ir[fp,s0,x8]:0x44562; ir[a7,x17]:0xa; ir[t3,x28]:0x22; ir[t6,x31]:0x22b; keyboard[0x0]:''; display[0x0]:''; 

