
6673.0
4294967296.0
1.0
cr[PC]:0x40; ir[t0,x5]:0x1; ir[a7,x17]:0x2; fpr[fa0,f10]:0x000000003F800000; keyboard[0x0]:''; display[0x0]:'6673.04294967296.01.0'; 

