
6673.0
-86.0
1.0
cr[PC]:0x40; ir[x5,t0]:0x1; ir[x17,a7]:0x3; fpr[f10,fa0]:0x3FF0000000000000; keyboard[0x0]:''; display[0x0]:'6673.0-86.01.0'; 

