
cr[PC]:0x10; ir[ra,x1]:0x8; ir[a4,x14]:0x2; ir[a7,x17]:0xa; keyboard[0x0]:''; display[0x0]:''; 

