
DANGER: Stack memory has not been released successfully
cr[PC]:0xc; ir[ra,x1]:0x4; ir[sp,x2]:0x10000000; ir[a7,x17]:0xa; keyboard[0x0]:''; display[0x0]:''; 

