
cr[PC]:0x14; ir[ra,x1]:0xc; ir[t1,x6]:0x2; ir[a0,x10]:0x5; ir[a7,x17]:0xa; keyboard[0x0]:''; display[0x0]:''; 

