
45
cr[PC]:0xfffffffe; ir[t0,x5]:0xa; ir[t1,x6]:0xa; ir[a0,x10]:0x2d; ir[a7,x17]:0x1; keyboard[0x0]:''; display[0x0]:'45'; 

