
-144
cr[PC]:0x2c; ir[ra,x1]:0x1c; ir[t1,x6]:0xffffffca; ir[t2,x7]:0x5a; ir[a0,x10]:0xffffff70; ir[a1,x11]:0x5a; ir[a2,x12]:0x2d; ir[a7,x17]:0xa; keyboard[0x0]:''; display[0x0]:'-144'; 

