
120
cr[PC]:0x18; ir[ra,x1]:0x8; ir[t0,x5]:0x2; ir[t1,x6]:0x5; ir[a0,x10]:0x78; ir[a7,x17]:0xa; keyboard[0x0]:''; display[0x0]:'120'; 

