
cr[PC]:0x78; ir[at,1]:0x200018; ir[t0,8]:0x200000; ir[t1,9]:0x200004; ir[t2,10]:0x200008; ir[t3,11]:0xe; ir[t4,12]:0xe; ir[t5,13]:0x78; ir[t6,14]:0x78; ir[t7,15]:0x16; ir[t8,24]:0x16; memory[0x200019]:0x16; memory[0x200014]:0x78; memory[0x20000f]:0x0e; keyboard[0x0]:''; display[0x0]:''; 

