

Error at line 1 (Please enter the assembly code before compiling):
Please enter the assembly code before compiling

->1 

Not executed
keyboard[0x0]:''; display[0x0]:''; 

