

Error at line 12 (suma):
Instruction 'suma' not found

  11 main:
->12 	suma t0, t1, t2

Not executed
keyboard[0x0]:''; display[0x0]:''; 

