

Error at line 7 (-10):
The number should be positive '-10'

  6  .data
->7     .space -10
  8     

Not executed
keyboard[0x0]:''; display[0x0]:''; 

