
cr[PC]:0x28; cr[HI]:0x18; ir[at,1]:0xffffe000; ir[t0,8]:0x10; ir[t1,9]:0x100; ir[t2,10]:0xffffe000; ir[t3,11]:0x18; keyboard[0x0]:''; display[0x0]:''; 

