
cr[PC]:0x40; ir[at,1]:0x200006; ir[t0,8]:0x200000; ir[t1,9]:0x200002; ir[t2,10]:0x7f; ir[t3,11]:0xffff; ir[t4,12]:0x200004; ir[t6,14]:0x200006; keyboard[0x0]:''; display[0x0]:''; 

