
cr[PC]:0x28; ir[at,1]:0xfffffffe; ir[t0,8]:0xa; ir[t1,9]:0xd; ir[t2,10]:0x2d; ir[t3,11]:0xfffffffe; keyboard[0x0]:''; display[0x0]:''; 

