
cr[PC]:0x20; ir[t0,8]:0x1fff; ir[t1,9]:0x2000; ir[t2,10]:0x2001; ir[t3,11]:0x2002; ir[t6,14]:0x1; ir[t7,15]:0x1; keyboard[0x0]:''; display[0x0]:''; 

