
cr[PC]:0x30; ir[at,1]:0xfffffc00; ir[t0,8]:0x2f0; ir[t3,11]:0x1; ir[t4,12]:0x1; ir[t5,13]:0xfffffc00; ir[t8,24]:0x1; ir[t9,25]:0x1; keyboard[0x0]:''; display[0x0]:''; 

