
cr[PC]:0x24; ir[at,1]:0xffffffff; ir[v0,2]:0xa; ir[t0,8]:0x1; ir[t1,9]:0xffffffff; ir[t6,14]:0x22; keyboard[0x0]:''; display[0x0]:''; 

