
cr[PC]:0x10; ir[t0,8]:0xa; ir[t1,9]:0xffffffec; ir[t2,10]:0x187; ir[t3,11]:0x193; keyboard[0x0]:''; display[0x0]:''; 

