
cr[PC]:0x20; ir[at,1]:0xffffdaf2; ir[t0,8]:0xaad4; ir[t1,9]:0x11d7; ir[t2,10]:0xffffdaf2; ir[t3,11]:0x2ab5; ir[t4,12]:0x11d; ir[t5,13]:0x1ffff; keyboard[0x0]:''; display[0x0]:''; 

