

 Error found.
 undefined
cr[PC]:0xc; ir[8,t0]:0x1; keyboard[0x0]:''; display[0x0]:''; 

