
cr[PC]:0x84; ir[at,1]:0x20000e; ir[t0,8]:0x200000; ir[t1,9]:0x200004; ir[t2,10]:0x200006; ir[t3,11]:0xe; ir[t4,12]:0xe; ir[t5,13]:0x7f; ir[t6,14]:0x7f; ir[t7,15]:0x7fff; ir[t8,24]:0x7fff; ir[t9,25]:0x20000e; memory[0x20000f]:0xff; memory[0x20000e]:0x7f; memory[0x20000c]:0x7f; memory[0x20000b]:0x0e; keyboard[0x0]:''; display[0x0]:''; 

