
cr[PC]:0x28; ir[at,1]:0xffffdaf2; ir[t0,8]:0x22346; ir[t1,9]:0x11d7; ir[t2,10]:0xffffdaf2; ir[t3,11]:0x44; ir[t4,12]:0x2; ir[t5,13]:0xaf2; keyboard[0x0]:''; display[0x0]:''; 

