
cr[PC]:0x28; cr[HI]:0x234566; cr[LO]:0xfff8e0ca; ir[at,1]:0xfff8e0ca; ir[t0,8]:0x234566; ir[t1,9]:0xfff8e0ca; ir[t3,11]:0x234566; ir[t4,12]:0xfff8e0ca; keyboard[0x0]:''; display[0x0]:''; 

