
cr[PC]:0x34; ir[at,1]:0x1; ir[v0,2]:0xa; ir[t0,8]:0x169; ir[t1,9]:0x2; ir[t2,10]:0x5; ir[t3,11]:0x44562; ir[t4,12]:0xb; ir[t5,13]:0x22b; ir[t6,14]:0x22; keyboard[0x0]:''; display[0x0]:''; 

