
cr[PC]:0x1c; ir[v0,2]:0xa; ir[t0,8]:0x1; ir[t4,12]:0x2; ir[t6,14]:0x22; keyboard[0x0]:''; display[0x0]:''; 

